Using NetCDF engine: netcdf4
============================================================
TEMPORAL SYNCHRONY ANALYSIS: Inner Arc vs Outer Arc
Period: 2002 - 2008
============================================================

OK Loaded 27 sites
  Inner Arc: 17 sites
  Outer Arc: 10 sites

============================================================
STEP 1: Loading Satellite Data
============================================================

  Finding files...
    SST files: 2557
    Kd490 files: 2366
    PAR files: 2366
    Chl-a files: 2366

  Loading SST...
    Processing file 500/2557...
    Processing file 1000/2557...
    Processing file 1500/2557...
    Processing file 2000/2557...
    Processing file 2500/2557...
    Files processed successfully: 2557/2557
    OK Loaded data for 27 sites

  Loading Chl-a...
    Processing file 500/2366...
    Processing file 1000/2366...
    Processing file 1500/2366...
    Processing file 2000/2366...
    Files processed successfully: 2366/2366
    OK Loaded data for 27 sites

  Calculating DLI...
    Processing file 500/2366...
    Processing file 1000/2366...
    Processing file 1500/2366...
    Processing file 2000/2366...
    Files processed successfully: 2359/2366
    OK Calculated DLI for 27 sites

============================================================
STEP 2: Aggregating by Arc
============================================================
  Inner Arc SST: 2557 days
  Outer Arc SST: 2557 days

============================================================
STEP 3: Calculating Pearson Synchrony
============================================================
  OK Pearson correlations calculated for 27 sites

============================================================
STEP 4: Calculating Cross-Correlation with Lag
============================================================
  OK Cross-correlation analysis complete

============================================================
STEP 5: Calculating Pulse Synchrony (STL Decomposition)
============================================================
  OK STL decomposition complete

============================================================
STEP 6: Calculating Spectral Coherence
============================================================
  OK Spectral coherence analysis complete

============================================================
STEP 7: Generating Figures
============================================================

  Creating Main Synchrony Figure...
    OK Saved: Fig_Main_Temporal_Synchrony.png

  Creating Raw Time Series Figure...
    OK Saved: Fig_S2_Raw_Time_Series.png

  Creating Cross-Correlation Detail Figure...
    OK Saved: Fig_S3_Cross_Correlation_Detail.png

============================================================
STEP 8: Saving Results
============================================================
  OK Saved: Pearson_Synchrony_by_Site.csv
  OK Saved: Cross_Correlation_Results.csv
  OK Saved: STL_Pulse_Synchrony.csv

============================================================
SYNCHRONY ANALYSIS COMPLETE!
All outputs saved to: C:\Users\rbfra\ONEDRIVE_NOVO\OneDrive\########PUBLICACOES\############Menezes et al. Mus his distribution and abundance Abrolhos\######FINAL\#######FINAL_RESULTS\Variability_Analysis_GLM
============================================================
