Using NetCDF engine: netcdf4
============================================================
ENVIRONMENTAL DYNAMICS ANALYSIS: Inner Arc vs Outer Arc
Period: 2002 - 2008
============================================================

OK Loaded 27 sites
  Inner Arc: 17 sites
  Outer Arc: 10 sites

============================================================
STEP 1: Loading Satellite Data
============================================================

  Finding files...
    SST files: 2557
    Kd490 files: 2366
    PAR files: 2366
    Chl-a files: 2366

  Loading SST...
    Processing file 500/2557...
    Processing file 1000/2557...
    Processing file 1500/2557...
    Processing file 2000/2557...
    Processing file 2500/2557...
    Files processed successfully: 2557/2557
    OK Loaded data for 27 sites

  Loading Chl-a...
    Processing file 500/2366...
    Processing file 1000/2366...
    Processing file 1500/2366...
    Processing file 2000/2366...
    Files processed successfully: 2366/2366
    OK Loaded data for 27 sites

  Calculating DLI...
    Processing file 500/2366...
    WARNING: Error with DLI calculation: [Errno -101] NetCDF: HDF error: 'K:\\remote sensin
    WARNING: Error with DLI calculation: [Errno -101] NetCDF: HDF error: 'K:\\remote sensin
    WARNING: Error with DLI calculation: [Errno -101] NetCDF: HDF error: 'K:\\remote sensin
    Processing file 1000/2366...
    Processing file 1500/2366...
    WARNING: Error with DLI calculation: [Errno -101] NetCDF: HDF error: 'K:\\remote sensin
    WARNING: Error with DLI calculation: [Errno -101] NetCDF: HDF error: 'K:\\remote sensin
    Processing file 2000/2366...
    Files processed successfully: 2359/2366
    Files with errors: 7
    OK Calculated DLI for 27 sites

============================================================
STEP 1.5: Data Availability Diagnostics
============================================================
  Creating Data Availability Figure...

  Data Coverage Summary:
    SST (inner): 100.1% coverage, Max Gap: 1 days
    DLI (inner): 38.7% coverage, Max Gap: 16 days
    CHL (inner): 38.8% coverage, Max Gap: 16 days
    SST (outer): 100.1% coverage, Max Gap: 1 days
    DLI (outer): 25.5% coverage, Max Gap: 25 days
    CHL (outer): 25.6% coverage, Max Gap: 25 days

============================================================
STEP 2: Calculating Coefficients of Variation
============================================================

  OK CV calculated for SST: 27 sites
  OK CV calculated for DLI: 27 sites
  OK CV calculated for Chl-a: 27 sites

============================================================
STEP 3: Computing Lomb-Scargle Spectral Analysis
============================================================

  OK Spectral analysis for SST: 27 sites
  OK Spectral analysis for DLI: 27 sites
  OK Spectral analysis for Chl-a: 27 sites

============================================================
STEP 4: Detecting Extreme Events (Pulses)
============================================================

  OK Pulse detection for SST: 27 sites
  OK Pulse detection for DLI: 27 sites
  OK Pulse detection for Chl-a: 27 sites

============================================================
STEP 5: Generating Publication-Quality Figures
============================================================

  Creating CV Comparison Figure...
    OK Saved: Fig1_CV_Comparison_Boxplots.png

  Creating Spectral Power Figure...
    OK Saved: Fig2_Spectral_Power_Comparison.png

  Creating Periodogram Heatmaps...
    OK Saved: Fig3_Periodogram_Heatmaps.png

  Creating Pulse Detection Figure...
    OK Saved: Fig4_Extreme_Events_Frequency.png

  Creating DLI Habitat Comparison Figure...
    Available habitats: ['RR', 'TP', 'PA']
    OK Saved: Fig5_DLI_Habitat_Comparison.png

============================================================
STEP 6: Saving Summary Statistics
============================================================
  OK Saved: CV_Summary_by_Site.csv
  OK Saved: Pulse_Summary_by_Site.csv

============================================================
ANALYSIS COMPLETE!
All outputs saved to: C:\Users\rbfra\ONEDRIVE_NOVO\OneDrive\########PUBLICACOES\############Menezes et al. Mus his distribution and abundance Abrolhos\######FINAL\#######FINAL_RESULTS\Variability_Analysis_GLM
============================================================
