2026-01-17 10:15:13,883 | INFO     | Starting Smart MODIS/CRW Database Update v2.0
2026-01-17 10:15:13,886 | INFO     | === Processing Product: MODIS_CHL ===
2026-01-17 10:15:13,914 | ERROR    | FATAL ERROR: [WinError 2] O sistema não pode encontrar o arquivo especificado: 'H:\\remote sensing'
Traceback (most recent call last):
  File "C:\Users\rbfra\miniconda3\Lib\pathlib.py", line 1311, in mkdir
    os.mkdir(self, mode)
FileNotFoundError: [WinError 3] O sistema não pode encontrar o caminho especificado: 'H:\\remote sensing\\MODIS_DATA_FULL'

During handling of the above exception, another exception occurred:

Traceback (most recent call last):
  File "C:\Users\rbfra\miniconda3\Lib\pathlib.py", line 1311, in mkdir
    os.mkdir(self, mode)
FileNotFoundError: [WinError 2] O sistema não pode encontrar o arquivo especificado: 'H:\\remote sensing'

During handling of the above exception, another exception occurred:

Traceback (most recent call last):
  File "C:\Users\rbfra\ONEDRIVE_NOVO\OneDrive\########PUBLICACOES\############Menezes et al. Mus his distribution and abundance Abrolhos\######FINAL\#######FINAL_CODES\Smart_MODIS_database_update.py", line 344, in <module>
    run_update()
  File "C:\Users\rbfra\ONEDRIVE_NOVO\OneDrive\########PUBLICACOES\############Menezes et al. Mus his distribution and abundance Abrolhos\######FINAL\#######FINAL_CODES\Smart_MODIS_database_update.py", line 282, in run_update
    local_dir.mkdir(parents=True, exist_ok=True)
  File "C:\Users\rbfra\miniconda3\Lib\pathlib.py", line 1315, in mkdir
    self.parent.mkdir(parents=True, exist_ok=True)
  File "C:\Users\rbfra\miniconda3\Lib\pathlib.py", line 1316, in mkdir
    self.mkdir(mode, parents=False, exist_ok=exist_ok)
  File "C:\Users\rbfra\miniconda3\Lib\pathlib.py", line 1311, in mkdir
    os.mkdir(self, mode)
FileNotFoundError: [WinError 2] O sistema não pode encontrar o arquivo especificado: 'H:\\remote sensing'
