2026-01-17 22:12:02,744 | INFO     | Starting Smart MODIS/CRW Database Update v2.0
2026-01-17 22:12:02,744 | INFO     | === Processing Product: MODIS_CHL ===
2026-01-17 22:12:04,617 | INFO     | Auditing 42244 files in K:\remote sensing\MODIS_DATA_FULL...
2026-01-17 23:39:13,520 | WARNING  | [MODIS_CHL] AQUA_MODIS.20120206.L3m.DAY.CHL.chlor_a.4km.nc is OPEN_ERROR: [Errno -101] NetCDF: HDF error: 'K:\\remote sensin. Will try to re-download.
2026-01-17 23:40:40,320 | INFO     | Checking remote availability for 117 missing dates...
2026-01-17 23:40:42,448 | WARNING  | Connection pool is full, discarding connection: oceandata.sci.gsfc.nasa.gov. Connection pool size: 10
2026-01-17 23:40:42,478 | WARNING  | Connection pool is full, discarding connection: oceandata.sci.gsfc.nasa.gov. Connection pool size: 10
2026-01-17 23:40:42,480 | WARNING  | Connection pool is full, discarding connection: oceandata.sci.gsfc.nasa.gov. Connection pool size: 10
2026-01-17 23:40:42,492 | WARNING  | Connection pool is full, discarding connection: oceandata.sci.gsfc.nasa.gov. Connection pool size: 10
2026-01-17 23:40:42,499 | WARNING  | Connection pool is full, discarding connection: oceandata.sci.gsfc.nasa.gov. Connection pool size: 10
2026-01-17 23:40:42,506 | WARNING  | Connection pool is full, discarding connection: oceandata.sci.gsfc.nasa.gov. Connection pool size: 10
2026-01-17 23:40:42,513 | WARNING  | Connection pool is full, discarding connection: oceandata.sci.gsfc.nasa.gov. Connection pool size: 10
2026-01-17 23:40:42,518 | WARNING  | Connection pool is full, discarding connection: oceandata.sci.gsfc.nasa.gov. Connection pool size: 10
2026-01-17 23:40:42,521 | WARNING  | Connection pool is full, discarding connection: oceandata.sci.gsfc.nasa.gov. Connection pool size: 10
2026-01-17 23:40:42,536 | WARNING  | Connection pool is full, discarding connection: oceandata.sci.gsfc.nasa.gov. Connection pool size: 10
2026-01-17 23:40:44,800 | WARNING  | Connection pool is full, discarding connection: oceandata.sci.gsfc.nasa.gov. Connection pool size: 10
2026-01-17 23:40:44,808 | WARNING  | Connection pool is full, discarding connection: oceandata.sci.gsfc.nasa.gov. Connection pool size: 10
2026-01-17 23:40:44,820 | WARNING  | Connection pool is full, discarding connection: oceandata.sci.gsfc.nasa.gov. Connection pool size: 10
2026-01-17 23:40:44,825 | WARNING  | Connection pool is full, discarding connection: oceandata.sci.gsfc.nasa.gov. Connection pool size: 10
2026-01-17 23:40:44,828 | WARNING  | Connection pool is full, discarding connection: oceandata.sci.gsfc.nasa.gov. Connection pool size: 10
2026-01-17 23:40:44,830 | WARNING  | Connection pool is full, discarding connection: oceandata.sci.gsfc.nasa.gov. Connection pool size: 10
2026-01-17 23:40:44,835 | WARNING  | Connection pool is full, discarding connection: oceandata.sci.gsfc.nasa.gov. Connection pool size: 10
2026-01-17 23:40:44,837 | WARNING  | Connection pool is full, discarding connection: oceandata.sci.gsfc.nasa.gov. Connection pool size: 10
2026-01-17 23:40:44,840 | WARNING  | Connection pool is full, discarding connection: oceandata.sci.gsfc.nasa.gov. Connection pool size: 10
2026-01-17 23:40:44,882 | WARNING  | Connection pool is full, discarding connection: oceandata.sci.gsfc.nasa.gov. Connection pool size: 10
2026-01-17 23:40:45,190 | INFO     | Found 117 gaps available on server.
2026-01-17 23:40:45,203 | INFO     | Starting download of 117 files...
2026-01-17 23:41:09,314 | INFO     | === Processing Product: MODIS_SST ===
2026-01-17 23:41:13,105 | INFO     | Auditing 42244 files in K:\remote sensing\MODIS_DATA_FULL...
2026-01-18 01:16:48,849 | INFO     | Checking remote availability for 143 missing dates...
2026-01-18 01:17:07,526 | WARNING  | Connection pool is full, discarding connection: oceandata.sci.gsfc.nasa.gov. Connection pool size: 10
2026-01-18 01:17:07,806 | WARNING  | Connection pool is full, discarding connection: oceandata.sci.gsfc.nasa.gov. Connection pool size: 10
2026-01-18 01:17:08,068 | WARNING  | Connection pool is full, discarding connection: oceandata.sci.gsfc.nasa.gov. Connection pool size: 10
2026-01-18 01:17:08,087 | WARNING  | Connection pool is full, discarding connection: oceandata.sci.gsfc.nasa.gov. Connection pool size: 10
2026-01-18 01:17:08,360 | WARNING  | Connection pool is full, discarding connection: oceandata.sci.gsfc.nasa.gov. Connection pool size: 10
2026-01-18 01:17:08,527 | WARNING  | Connection pool is full, discarding connection: oceandata.sci.gsfc.nasa.gov. Connection pool size: 10
2026-01-18 01:17:09,858 | WARNING  | Connection pool is full, discarding connection: oceandata.sci.gsfc.nasa.gov. Connection pool size: 10
2026-01-18 01:17:11,794 | WARNING  | Connection pool is full, discarding connection: oceandata.sci.gsfc.nasa.gov. Connection pool size: 10
2026-01-18 01:17:12,816 | WARNING  | Connection pool is full, discarding connection: oceandata.sci.gsfc.nasa.gov. Connection pool size: 10
2026-01-18 01:17:13,813 | WARNING  | Connection pool is full, discarding connection: oceandata.sci.gsfc.nasa.gov. Connection pool size: 10
2026-01-18 01:17:13,939 | INFO     | Found 142 gaps available on server.
2026-01-18 01:17:13,955 | INFO     | Starting download of 142 files...
2026-01-18 01:19:50,069 | INFO     | === Processing Product: MODIS_KD490 ===
2026-01-18 01:19:55,851 | INFO     | Auditing 42244 files in K:\remote sensing\MODIS_DATA_FULL...
2026-01-18 02:32:30,838 | INFO     | Checking remote availability for 176 missing dates...
2026-01-18 02:32:49,633 | WARNING  | Connection pool is full, discarding connection: oceandata.sci.gsfc.nasa.gov. Connection pool size: 10
2026-01-18 02:32:49,784 | WARNING  | Connection pool is full, discarding connection: oceandata.sci.gsfc.nasa.gov. Connection pool size: 10
2026-01-18 02:32:50,197 | WARNING  | Connection pool is full, discarding connection: oceandata.sci.gsfc.nasa.gov. Connection pool size: 10
2026-01-18 02:32:51,752 | WARNING  | Connection pool is full, discarding connection: oceandata.sci.gsfc.nasa.gov. Connection pool size: 10
2026-01-18 02:32:51,845 | WARNING  | Connection pool is full, discarding connection: oceandata.sci.gsfc.nasa.gov. Connection pool size: 10
2026-01-18 02:32:52,172 | WARNING  | Connection pool is full, discarding connection: oceandata.sci.gsfc.nasa.gov. Connection pool size: 10
2026-01-18 02:32:52,786 | WARNING  | Connection pool is full, discarding connection: oceandata.sci.gsfc.nasa.gov. Connection pool size: 10
2026-01-18 02:32:52,797 | WARNING  | Connection pool is full, discarding connection: oceandata.sci.gsfc.nasa.gov. Connection pool size: 10
2026-01-18 02:32:53,914 | WARNING  | Connection pool is full, discarding connection: oceandata.sci.gsfc.nasa.gov. Connection pool size: 10
2026-01-18 02:32:55,568 | WARNING  | Connection pool is full, discarding connection: oceandata.sci.gsfc.nasa.gov. Connection pool size: 10
2026-01-18 02:32:55,604 | INFO     | Found 176 gaps available on server.
2026-01-18 02:32:55,605 | INFO     | Starting download of 176 files...
2026-01-18 02:34:53,641 | INFO     | === Processing Product: MODIS_PAR ===
2026-01-18 02:34:57,785 | INFO     | Auditing 42244 files in K:\remote sensing\MODIS_DATA_FULL...
2026-01-18 02:40:46,828 | WARNING  | [MODIS_PAR] AQUA_MODIS.20040623.L3m.DAY.PAR.par.4km.nc is OPEN_ERROR: [Errno -101] NetCDF: HDF error: 'K:\\remote sensin. Will try to re-download.
2026-01-18 02:40:48,421 | WARNING  | [MODIS_PAR] AQUA_MODIS.20040627.L3m.DAY.PAR.par.4km.nc is OPEN_ERROR: [Errno -101] NetCDF: HDF error: 'K:\\remote sensin. Will try to re-download.
2026-01-18 02:41:32,356 | WARNING  | [MODIS_PAR] AQUA_MODIS.20040919.L3m.DAY.PAR.par.4km.nc is OPEN_ERROR: [Errno -101] NetCDF: HDF error: 'K:\\remote sensin. Will try to re-download.
2026-01-18 02:49:13,356 | WARNING  | [MODIS_PAR] AQUA_MODIS.20070208.L3m.DAY.PAR.par.4km.nc is OPEN_ERROR: [Errno -101] NetCDF: HDF error: 'K:\\remote sensin. Will try to re-download.
2026-01-18 02:50:40,120 | WARNING  | [MODIS_PAR] AQUA_MODIS.20070724.L3m.DAY.PAR.par.4km.nc is OPEN_ERROR: [Errno -101] NetCDF: HDF error: 'K:\\remote sensin. Will try to re-download.
2026-01-18 02:54:10,467 | WARNING  | [MODIS_PAR] AQUA_MODIS.20080829.L3m.DAY.PAR.par.4km.nc is OPEN_ERROR: [Errno -101] NetCDF: HDF error: 'K:\\remote sensin. Will try to re-download.
2026-01-18 02:54:23,899 | WARNING  | [MODIS_PAR] AQUA_MODIS.20080924.L3m.DAY.PAR.par.4km.nc is OPEN_ERROR: [Errno -101] NetCDF: HDF error: 'K:\\remote sensin. Will try to re-download.
2026-01-18 02:58:09,330 | WARNING  | [MODIS_PAR] AQUA_MODIS.20091129.L3m.DAY.PAR.par.4km.nc is OPEN_ERROR: [Errno -101] NetCDF: HDF error: 'K:\\remote sensin. Will try to re-download.
2026-01-18 03:03:55,473 | WARNING  | [MODIS_PAR] AQUA_MODIS.20110922.L3m.DAY.PAR.par.4km.nc is OPEN_ERROR: [Errno -101] NetCDF: HDF error: 'K:\\remote sensin. Will try to re-download.
2026-01-18 03:13:07,450 | WARNING  | [MODIS_PAR] AQUA_MODIS.20140727.L3m.DAY.PAR.par.4km.nc is OPEN_ERROR: [Errno -101] NetCDF: HDF error: 'K:\\remote sensin. Will try to re-download.
2026-01-18 03:17:36,333 | WARNING  | [MODIS_PAR] AQUA_MODIS.20151227.L3m.DAY.PAR.par.4km.nc is OPEN_ERROR: [Errno -101] NetCDF: HDF error: 'K:\\remote sensin. Will try to re-download.
2026-01-18 03:19:39,277 | WARNING  | [MODIS_PAR] AQUA_MODIS.20161206.L3m.DAY.PAR.par.4km.nc is OPEN_ERROR: [Errno -101] NetCDF: HDF error: 'K:\\remote sensin. Will try to re-download.
2026-01-18 03:25:10,974 | WARNING  | [MODIS_PAR] AQUA_MODIS.20180907.L3m.DAY.PAR.par.4km.nc is OPEN_ERROR: [Errno -101] NetCDF: HDF error: 'K:\\remote sensin. Will try to re-download.
2026-01-18 03:49:05,684 | INFO     | Checking remote availability for 189 missing dates...
2026-01-18 03:49:15,714 | WARNING  | Connection pool is full, discarding connection: oceandata.sci.gsfc.nasa.gov. Connection pool size: 10
2026-01-18 03:49:15,751 | WARNING  | Connection pool is full, discarding connection: oceandata.sci.gsfc.nasa.gov. Connection pool size: 10
2026-01-18 03:49:15,761 | WARNING  | Connection pool is full, discarding connection: oceandata.sci.gsfc.nasa.gov. Connection pool size: 10
2026-01-18 03:49:15,767 | WARNING  | Connection pool is full, discarding connection: oceandata.sci.gsfc.nasa.gov. Connection pool size: 10
2026-01-18 03:49:15,771 | WARNING  | Connection pool is full, discarding connection: oceandata.sci.gsfc.nasa.gov. Connection pool size: 10
2026-01-18 03:49:15,930 | WARNING  | Connection pool is full, discarding connection: oceandata.sci.gsfc.nasa.gov. Connection pool size: 10
2026-01-18 03:49:16,642 | WARNING  | Connection pool is full, discarding connection: oceandata.sci.gsfc.nasa.gov. Connection pool size: 10
2026-01-18 03:49:19,038 | WARNING  | Connection pool is full, discarding connection: oceandata.sci.gsfc.nasa.gov. Connection pool size: 10
2026-01-18 03:49:19,414 | WARNING  | Connection pool is full, discarding connection: oceandata.sci.gsfc.nasa.gov. Connection pool size: 10
2026-01-18 03:49:20,537 | WARNING  | Connection pool is full, discarding connection: oceandata.sci.gsfc.nasa.gov. Connection pool size: 10
2026-01-18 03:49:20,602 | INFO     | Found 189 gaps available on server.
2026-01-18 03:49:20,629 | INFO     | Starting download of 189 files...
2026-01-18 03:50:20,351 | INFO     | === Processing Product: CRW_DHW ===
2026-01-18 03:50:21,881 | INFO     | Auditing 14892 files in K:\remote sensing\CRW_DHW_FULL...
2026-01-18 07:07:28,524 | INFO     | Checking remote availability for 83 missing dates...
2026-01-18 07:07:36,445 | WARNING  | Connection pool is full, discarding connection: www.star.nesdis.noaa.gov. Connection pool size: 10
2026-01-18 07:07:36,452 | WARNING  | Connection pool is full, discarding connection: www.star.nesdis.noaa.gov. Connection pool size: 10
2026-01-18 07:07:36,458 | WARNING  | Connection pool is full, discarding connection: www.star.nesdis.noaa.gov. Connection pool size: 10
2026-01-18 07:07:36,502 | WARNING  | Connection pool is full, discarding connection: www.star.nesdis.noaa.gov. Connection pool size: 10
2026-01-18 07:07:36,505 | WARNING  | Connection pool is full, discarding connection: www.star.nesdis.noaa.gov. Connection pool size: 10
2026-01-18 07:07:36,509 | WARNING  | Connection pool is full, discarding connection: www.star.nesdis.noaa.gov. Connection pool size: 10
2026-01-18 07:07:36,557 | WARNING  | Connection pool is full, discarding connection: www.star.nesdis.noaa.gov. Connection pool size: 10
2026-01-18 07:07:36,601 | WARNING  | Connection pool is full, discarding connection: www.star.nesdis.noaa.gov. Connection pool size: 10
2026-01-18 07:07:36,708 | WARNING  | Connection pool is full, discarding connection: www.star.nesdis.noaa.gov. Connection pool size: 10
2026-01-18 07:07:36,759 | WARNING  | Connection pool is full, discarding connection: www.star.nesdis.noaa.gov. Connection pool size: 10
2026-01-18 07:07:36,805 | INFO     | Found 0 gaps available on server.
2026-01-18 07:07:36,820 | INFO     | === Processing Product: CRW_SST ===
2026-01-18 07:07:41,627 | INFO     | Auditing 14879 files in K:\remote sensing\CRW_SST_FULL...
2026-01-18 07:46:45,012 | WARNING  | [CRW_SST] coraltemp_v3.1_19940316.nc is OPEN_ERROR: [Errno -101] NetCDF: HDF error: 'K:\\remote sensin. Will try to re-download.
